// Jest Snapshot v1, https://goo.gl/fbAQLP

exports[`testing calculator and events testing for events on calculator 1`] = `""`;
