// Jest Snapshot v1, https://goo.gl/fbAQLP

exports[`testing for the UI of Navbar 1`] = `""`;
