// Jest Snapshot v1, https://goo.gl/fbAQLP

exports[`Home component renders welcome message 1`] = `
<h3>
  Welcome to our page
</h3>
`;
